[2025-11-05 09:46:15,120][__main__][INFO] - Starting training...
[2025-11-05 09:46:15,121][__main__][INFO] - setup:
  torch:
    seed: 8
  random:
    seed: 8
  numpy:
    seed: 8
  device: cuda:0
optimizers:
  name: pesg
  lr: 0.1
  clip_value: 1.0
  weight_decay: 1.0e-05
  epoch_decay: 0.002
  momentum: 0.9
  decay_iters: null
  decay_factor: 10
datasets:
  name: cifar10
  dataroot: /mnt/cnlab/
  download: false
  batch_size: 64
models:
  name: wgan
  channels: 3
  critic_iters: 1
  generator_iters: 100000
  lambda_term: 0.0001
  number_of_images: 100
  use_checkpoint: false
  generator:
    channels: 3
    z_dim: 50
    checkpoint_path: null
  discriminator:
    channels: 3
    checkpoint_path: null
  training:
    epochs: 50
    batch_size: 128
    save_interval: 200
    device: cuda
    save_flag: false

[2025-11-05 09:46:15,171][train][INFO] - Using device: cuda:0
[2025-11-05 09:46:15,673][train][INFO] - Data loaders are ready.
[2025-11-05 09:46:15,674][train][INFO] - Configuration snapshot saved to GAN/pesg/cifar10/20251105-094615/config_snapshot.yaml
[2025-11-05 09:46:16,215][train][INFO] - Trainer is ready.
[2025-11-05 09:46:22,715][trainers.wgan_trainer][INFO] - Calculating Inception Score over 8k generated images
[2025-11-05 09:46:26,076][trainers.wgan_trainer][INFO] - Saved generator checkpoint to GAN/pesg/cifar10/20251105-094615/checkpoints/generator_iter_200.pth
[2025-11-05 09:46:26,076][trainers.wgan_trainer][INFO] - Saved discriminator checkpoint to GAN/pesg/cifar10/20251105-094615/checkpoints/discriminator_iter_200.pth
[2025-11-05 09:46:26,076][trainers.wgan_trainer][INFO] - New best Inception Score: 1.1354. Checkpoints saved.
[2025-11-05 09:46:26,076][trainers.wgan_trainer][INFO] - Real Inception score (mean, std): (np.float64(1.135360403024001), np.float64(0.006403490735954844))
[2025-11-05 09:46:26,076][trainers.wgan_trainer][INFO] - Generator iter: 99
[2025-11-05 09:46:26,076][trainers.wgan_trainer][INFO] - total_iter_finished: 200
[2025-11-05 09:46:26,076][trainers.wgan_trainer][INFO] - Time elapsed: 0:00:09
[2025-11-05 09:46:26,090][trainers.wgan_trainer][INFO] - Saved images at iteration 200
[2025-11-05 09:46:32,124][trainers.wgan_trainer][INFO] - Calculating Inception Score over 8k generated images
[2025-11-05 09:46:35,329][trainers.wgan_trainer][INFO] - Real Inception score (mean, std): (np.float64(1.0574252554916073), np.float64(0.003322326199391151))
[2025-11-05 09:46:35,330][trainers.wgan_trainer][INFO] - Generator iter: 199
[2025-11-05 09:46:35,330][trainers.wgan_trainer][INFO] - total_iter_finished: 400
[2025-11-05 09:46:35,330][trainers.wgan_trainer][INFO] - Time elapsed: 0:00:19
[2025-11-05 09:46:35,344][trainers.wgan_trainer][INFO] - Saved images at iteration 400
[2025-11-05 09:46:41,410][trainers.wgan_trainer][INFO] - Calculating Inception Score over 8k generated images
[2025-11-05 09:46:44,606][trainers.wgan_trainer][INFO] - Removed old generator checkpoint: GAN/pesg/cifar10/20251105-094615/checkpoints/generator_iter_200.pth
[2025-11-05 09:46:44,612][trainers.wgan_trainer][INFO] - Removed old discriminator checkpoint: GAN/pesg/cifar10/20251105-094615/checkpoints/discriminator_iter_200.pth
[2025-11-05 09:46:44,698][trainers.wgan_trainer][INFO] - Saved generator checkpoint to GAN/pesg/cifar10/20251105-094615/checkpoints/generator_iter_600.pth
[2025-11-05 09:46:44,698][trainers.wgan_trainer][INFO] - Saved discriminator checkpoint to GAN/pesg/cifar10/20251105-094615/checkpoints/discriminator_iter_600.pth
[2025-11-05 09:46:44,698][trainers.wgan_trainer][INFO] - New best Inception Score: 1.1902. Checkpoints saved.
[2025-11-05 09:46:44,698][trainers.wgan_trainer][INFO] - Real Inception score (mean, std): (np.float64(1.1901528555721543), np.float64(0.007863812857527536))
[2025-11-05 09:46:44,698][trainers.wgan_trainer][INFO] - Generator iter: 299
[2025-11-05 09:46:44,698][trainers.wgan_trainer][INFO] - total_iter_finished: 600
[2025-11-05 09:46:44,698][trainers.wgan_trainer][INFO] - Time elapsed: 0:00:28
[2025-11-05 09:46:44,713][trainers.wgan_trainer][INFO] - Saved images at iteration 600
[2025-11-05 09:46:50,781][trainers.wgan_trainer][INFO] - Calculating Inception Score over 8k generated images
[2025-11-05 09:46:54,022][trainers.wgan_trainer][INFO] - Removed old generator checkpoint: GAN/pesg/cifar10/20251105-094615/checkpoints/generator_iter_600.pth
[2025-11-05 09:46:54,029][trainers.wgan_trainer][INFO] - Removed old discriminator checkpoint: GAN/pesg/cifar10/20251105-094615/checkpoints/discriminator_iter_600.pth
[2025-11-05 09:46:54,114][trainers.wgan_trainer][INFO] - Saved generator checkpoint to GAN/pesg/cifar10/20251105-094615/checkpoints/generator_iter_800.pth
[2025-11-05 09:46:54,114][trainers.wgan_trainer][INFO] - Saved discriminator checkpoint to GAN/pesg/cifar10/20251105-094615/checkpoints/discriminator_iter_800.pth
[2025-11-05 09:46:54,114][trainers.wgan_trainer][INFO] - New best Inception Score: 1.3931. Checkpoints saved.
[2025-11-05 09:46:54,114][trainers.wgan_trainer][INFO] - Real Inception score (mean, std): (np.float64(1.3931327136982752), np.float64(0.010021997786077255))
[2025-11-05 09:46:54,114][trainers.wgan_trainer][INFO] - Generator iter: 399
[2025-11-05 09:46:54,114][trainers.wgan_trainer][INFO] - total_iter_finished: 800
[2025-11-05 09:46:54,114][trainers.wgan_trainer][INFO] - Time elapsed: 0:00:37
[2025-11-05 09:46:54,136][trainers.wgan_trainer][INFO] - Saved images at iteration 800
[2025-11-05 09:47:00,202][trainers.wgan_trainer][INFO] - Calculating Inception Score over 8k generated images
[2025-11-05 09:47:03,412][trainers.wgan_trainer][INFO] - Real Inception score (mean, std): (np.float64(1.306028099292868), np.float64(0.009865302450325814))
[2025-11-05 09:47:03,412][trainers.wgan_trainer][INFO] - Generator iter: 499
[2025-11-05 09:47:03,412][trainers.wgan_trainer][INFO] - total_iter_finished: 1000
[2025-11-05 09:47:03,412][trainers.wgan_trainer][INFO] - Time elapsed: 0:00:47
[2025-11-05 09:47:03,427][trainers.wgan_trainer][INFO] - Saved images at iteration 1000
[2025-11-05 09:47:09,558][trainers.wgan_trainer][INFO] - Calculating Inception Score over 8k generated images
[2025-11-05 09:47:12,801][trainers.wgan_trainer][INFO] - Removed old generator checkpoint: GAN/pesg/cifar10/20251105-094615/checkpoints/generator_iter_800.pth
[2025-11-05 09:47:12,808][trainers.wgan_trainer][INFO] - Removed old discriminator checkpoint: GAN/pesg/cifar10/20251105-094615/checkpoints/discriminator_iter_800.pth
[2025-11-05 09:47:12,895][trainers.wgan_trainer][INFO] - Saved generator checkpoint to GAN/pesg/cifar10/20251105-094615/checkpoints/generator_iter_1200.pth
[2025-11-05 09:47:12,895][trainers.wgan_trainer][INFO] - Saved discriminator checkpoint to GAN/pesg/cifar10/20251105-094615/checkpoints/discriminator_iter_1200.pth
[2025-11-05 09:47:12,895][trainers.wgan_trainer][INFO] - New best Inception Score: 1.5028. Checkpoints saved.
[2025-11-05 09:47:12,895][trainers.wgan_trainer][INFO] - Real Inception score (mean, std): (np.float64(1.5027528726345976), np.float64(0.015569867564733402))
[2025-11-05 09:47:12,895][trainers.wgan_trainer][INFO] - Generator iter: 599
[2025-11-05 09:47:12,895][trainers.wgan_trainer][INFO] - total_iter_finished: 1200
[2025-11-05 09:47:12,895][trainers.wgan_trainer][INFO] - Time elapsed: 0:00:56
[2025-11-05 09:47:12,914][trainers.wgan_trainer][INFO] - Saved images at iteration 1200
[2025-11-05 09:47:19,008][trainers.wgan_trainer][INFO] - Calculating Inception Score over 8k generated images
[2025-11-05 09:47:22,280][trainers.wgan_trainer][INFO] - Removed old generator checkpoint: GAN/pesg/cifar10/20251105-094615/checkpoints/generator_iter_1200.pth
[2025-11-05 09:47:22,287][trainers.wgan_trainer][INFO] - Removed old discriminator checkpoint: GAN/pesg/cifar10/20251105-094615/checkpoints/discriminator_iter_1200.pth
[2025-11-05 09:47:22,374][trainers.wgan_trainer][INFO] - Saved generator checkpoint to GAN/pesg/cifar10/20251105-094615/checkpoints/generator_iter_1400.pth
[2025-11-05 09:47:22,374][trainers.wgan_trainer][INFO] - Saved discriminator checkpoint to GAN/pesg/cifar10/20251105-094615/checkpoints/discriminator_iter_1400.pth
[2025-11-05 09:47:22,374][trainers.wgan_trainer][INFO] - New best Inception Score: 2.9957. Checkpoints saved.
[2025-11-05 09:47:22,374][trainers.wgan_trainer][INFO] - Real Inception score (mean, std): (np.float64(2.9957177997650017), np.float64(0.0718929474351271))
[2025-11-05 09:47:22,374][trainers.wgan_trainer][INFO] - Generator iter: 699
[2025-11-05 09:47:22,374][trainers.wgan_trainer][INFO] - total_iter_finished: 1400
[2025-11-05 09:47:22,374][trainers.wgan_trainer][INFO] - Time elapsed: 0:01:06
[2025-11-05 09:47:22,387][trainers.wgan_trainer][INFO] - Saved images at iteration 1400
[2025-11-05 09:47:28,465][trainers.wgan_trainer][INFO] - Calculating Inception Score over 8k generated images
[2025-11-05 09:47:31,698][trainers.wgan_trainer][INFO] - Real Inception score (mean, std): (np.float64(2.8522051507464323), np.float64(0.03989805160099465))
[2025-11-05 09:47:31,698][trainers.wgan_trainer][INFO] - Generator iter: 799
[2025-11-05 09:47:31,698][trainers.wgan_trainer][INFO] - total_iter_finished: 1600
[2025-11-05 09:47:31,698][trainers.wgan_trainer][INFO] - Time elapsed: 0:01:15
[2025-11-05 09:47:31,713][trainers.wgan_trainer][INFO] - Saved images at iteration 1600
[2025-11-05 09:47:37,817][trainers.wgan_trainer][INFO] - Calculating Inception Score over 8k generated images
[2025-11-05 09:47:41,065][trainers.wgan_trainer][INFO] - Real Inception score (mean, std): (np.float64(2.7180803666845037), np.float64(0.05637180331370572))
[2025-11-05 09:47:41,065][trainers.wgan_trainer][INFO] - Generator iter: 899
[2025-11-05 09:47:41,065][trainers.wgan_trainer][INFO] - total_iter_finished: 1800
[2025-11-05 09:47:41,065][trainers.wgan_trainer][INFO] - Time elapsed: 0:01:24
[2025-11-05 09:47:41,081][trainers.wgan_trainer][INFO] - Saved images at iteration 1800
[2025-11-05 09:47:47,194][trainers.wgan_trainer][INFO] - Calculating Inception Score over 8k generated images
[2025-11-05 09:47:50,463][trainers.wgan_trainer][INFO] - Real Inception score (mean, std): (np.float64(2.8055313853341644), np.float64(0.1124111480327709))
[2025-11-05 09:47:50,464][trainers.wgan_trainer][INFO] - Generator iter: 999
[2025-11-05 09:47:50,464][trainers.wgan_trainer][INFO] - total_iter_finished: 2000
[2025-11-05 09:47:50,464][trainers.wgan_trainer][INFO] - Time elapsed: 0:01:34
[2025-11-05 09:47:50,480][trainers.wgan_trainer][INFO] - Saved images at iteration 2000
[2025-11-05 09:47:56,600][trainers.wgan_trainer][INFO] - Calculating Inception Score over 8k generated images
[2025-11-05 09:47:59,857][trainers.wgan_trainer][INFO] - Real Inception score (mean, std): (np.float64(2.2837690522123024), np.float64(0.030781204709671883))
[2025-11-05 09:47:59,857][trainers.wgan_trainer][INFO] - Generator iter: 1099
[2025-11-05 09:47:59,857][trainers.wgan_trainer][INFO] - total_iter_finished: 2200
[2025-11-05 09:47:59,857][trainers.wgan_trainer][INFO] - Time elapsed: 0:01:43
[2025-11-05 09:47:59,875][trainers.wgan_trainer][INFO] - Saved images at iteration 2200
[2025-11-05 09:48:05,992][trainers.wgan_trainer][INFO] - Calculating Inception Score over 8k generated images
[2025-11-05 09:48:09,253][trainers.wgan_trainer][INFO] - Real Inception score (mean, std): (np.float64(2.6850994285104965), np.float64(0.0795522108383899))
[2025-11-05 09:48:09,253][trainers.wgan_trainer][INFO] - Generator iter: 1199
[2025-11-05 09:48:09,253][trainers.wgan_trainer][INFO] - total_iter_finished: 2400
[2025-11-05 09:48:09,253][trainers.wgan_trainer][INFO] - Time elapsed: 0:01:53
[2025-11-05 09:48:09,271][trainers.wgan_trainer][INFO] - Saved images at iteration 2400
[2025-11-05 09:48:15,451][trainers.wgan_trainer][INFO] - Calculating Inception Score over 8k generated images
[2025-11-05 09:48:18,709][trainers.wgan_trainer][INFO] - Real Inception score (mean, std): (np.float64(2.745321896991018), np.float64(0.0530586957360337))
[2025-11-05 09:48:18,709][trainers.wgan_trainer][INFO] - Generator iter: 1299
[2025-11-05 09:48:18,709][trainers.wgan_trainer][INFO] - total_iter_finished: 2600
[2025-11-05 09:48:18,709][trainers.wgan_trainer][INFO] - Time elapsed: 0:02:02
[2025-11-05 09:48:18,727][trainers.wgan_trainer][INFO] - Saved images at iteration 2600
[2025-11-05 09:48:24,918][trainers.wgan_trainer][INFO] - Calculating Inception Score over 8k generated images
[2025-11-05 09:48:28,190][trainers.wgan_trainer][INFO] - Removed old generator checkpoint: GAN/pesg/cifar10/20251105-094615/checkpoints/generator_iter_1400.pth
[2025-11-05 09:48:28,196][trainers.wgan_trainer][INFO] - Removed old discriminator checkpoint: GAN/pesg/cifar10/20251105-094615/checkpoints/discriminator_iter_1400.pth
[2025-11-05 09:48:28,257][trainers.wgan_trainer][INFO] - Saved generator checkpoint to GAN/pesg/cifar10/20251105-094615/checkpoints/generator_iter_2800.pth
[2025-11-05 09:48:28,257][trainers.wgan_trainer][INFO] - Saved discriminator checkpoint to GAN/pesg/cifar10/20251105-094615/checkpoints/discriminator_iter_2800.pth
[2025-11-05 09:48:28,257][trainers.wgan_trainer][INFO] - New best Inception Score: 3.1636. Checkpoints saved.
[2025-11-05 09:48:28,257][trainers.wgan_trainer][INFO] - Real Inception score (mean, std): (np.float64(3.16360707443331), np.float64(0.08397168281849537))
[2025-11-05 09:48:28,257][trainers.wgan_trainer][INFO] - Generator iter: 1399
[2025-11-05 09:48:28,257][trainers.wgan_trainer][INFO] - total_iter_finished: 2800
[2025-11-05 09:48:28,257][trainers.wgan_trainer][INFO] - Time elapsed: 0:02:12
[2025-11-05 09:48:28,275][trainers.wgan_trainer][INFO] - Saved images at iteration 2800
[2025-11-05 09:48:34,417][trainers.wgan_trainer][INFO] - Calculating Inception Score over 8k generated images
[2025-11-05 09:48:37,675][trainers.wgan_trainer][INFO] - Real Inception score (mean, std): (np.float64(2.4077602746239455), np.float64(0.04916570794132999))
[2025-11-05 09:48:37,675][trainers.wgan_trainer][INFO] - Generator iter: 1499
[2025-11-05 09:48:37,675][trainers.wgan_trainer][INFO] - total_iter_finished: 3000
[2025-11-05 09:48:37,675][trainers.wgan_trainer][INFO] - Time elapsed: 0:02:21
[2025-11-05 09:48:37,692][trainers.wgan_trainer][INFO] - Saved images at iteration 3000
[2025-11-05 09:48:43,830][trainers.wgan_trainer][INFO] - Calculating Inception Score over 8k generated images
[2025-11-05 09:48:47,105][trainers.wgan_trainer][INFO] - Real Inception score (mean, std): (np.float64(2.2326487211101744), np.float64(0.019779822826182677))
[2025-11-05 09:48:47,105][trainers.wgan_trainer][INFO] - Generator iter: 1599
[2025-11-05 09:48:47,105][trainers.wgan_trainer][INFO] - total_iter_finished: 3200
[2025-11-05 09:48:47,105][trainers.wgan_trainer][INFO] - Time elapsed: 0:02:30
[2025-11-05 09:48:47,122][trainers.wgan_trainer][INFO] - Saved images at iteration 3200
[2025-11-05 09:48:53,276][trainers.wgan_trainer][INFO] - Calculating Inception Score over 8k generated images
[2025-11-05 09:48:56,541][trainers.wgan_trainer][INFO] - Real Inception score (mean, std): (np.float64(2.3990417468767173), np.float64(0.046528725417242435))
[2025-11-05 09:48:56,541][trainers.wgan_trainer][INFO] - Generator iter: 1699
[2025-11-05 09:48:56,541][trainers.wgan_trainer][INFO] - total_iter_finished: 3400
[2025-11-05 09:48:56,541][trainers.wgan_trainer][INFO] - Time elapsed: 0:02:40
[2025-11-05 09:48:56,557][trainers.wgan_trainer][INFO] - Saved images at iteration 3400
[2025-11-05 09:49:02,715][trainers.wgan_trainer][INFO] - Calculating Inception Score over 8k generated images
[2025-11-05 09:49:05,974][trainers.wgan_trainer][INFO] - Real Inception score (mean, std): (np.float64(2.34803418464463), np.float64(0.031195572286791217))
[2025-11-05 09:49:05,974][trainers.wgan_trainer][INFO] - Generator iter: 1799
[2025-11-05 09:49:05,974][trainers.wgan_trainer][INFO] - total_iter_finished: 3600
[2025-11-05 09:49:05,974][trainers.wgan_trainer][INFO] - Time elapsed: 0:02:49
[2025-11-05 09:49:05,990][trainers.wgan_trainer][INFO] - Saved images at iteration 3600
[2025-11-05 09:49:12,157][trainers.wgan_trainer][INFO] - Calculating Inception Score over 8k generated images
[2025-11-05 09:49:15,431][trainers.wgan_trainer][INFO] - Real Inception score (mean, std): (np.float64(2.497235908908782), np.float64(0.06119961749269318))
[2025-11-05 09:49:15,432][trainers.wgan_trainer][INFO] - Generator iter: 1899
[2025-11-05 09:49:15,432][trainers.wgan_trainer][INFO] - total_iter_finished: 3800
[2025-11-05 09:49:15,432][trainers.wgan_trainer][INFO] - Time elapsed: 0:02:59
[2025-11-05 09:49:15,449][trainers.wgan_trainer][INFO] - Saved images at iteration 3800
[2025-11-05 09:49:21,626][trainers.wgan_trainer][INFO] - Calculating Inception Score over 8k generated images
[2025-11-05 09:49:24,893][trainers.wgan_trainer][INFO] - Real Inception score (mean, std): (np.float64(2.316483188698173), np.float64(0.03205842523860327))
[2025-11-05 09:49:24,893][trainers.wgan_trainer][INFO] - Generator iter: 1999
[2025-11-05 09:49:24,893][trainers.wgan_trainer][INFO] - total_iter_finished: 4000
[2025-11-05 09:49:24,893][trainers.wgan_trainer][INFO] - Time elapsed: 0:03:08
[2025-11-05 09:49:24,909][trainers.wgan_trainer][INFO] - Saved images at iteration 4000
[2025-11-05 09:49:31,077][trainers.wgan_trainer][INFO] - Calculating Inception Score over 8k generated images
[2025-11-05 09:49:34,348][trainers.wgan_trainer][INFO] - Real Inception score (mean, std): (np.float64(2.539278596967179), np.float64(0.05675438802477296))
[2025-11-05 09:49:34,348][trainers.wgan_trainer][INFO] - Generator iter: 2099
[2025-11-05 09:49:34,348][trainers.wgan_trainer][INFO] - total_iter_finished: 4200
[2025-11-05 09:49:34,348][trainers.wgan_trainer][INFO] - Time elapsed: 0:03:18
[2025-11-05 09:49:34,366][trainers.wgan_trainer][INFO] - Saved images at iteration 4200
[2025-11-05 09:49:40,566][trainers.wgan_trainer][INFO] - Calculating Inception Score over 8k generated images
[2025-11-05 09:49:43,836][trainers.wgan_trainer][INFO] - Real Inception score (mean, std): (np.float64(2.730376456565384), np.float64(0.07389731469905421))
[2025-11-05 09:49:43,836][trainers.wgan_trainer][INFO] - Generator iter: 2199
[2025-11-05 09:49:43,836][trainers.wgan_trainer][INFO] - total_iter_finished: 4400
[2025-11-05 09:49:43,836][trainers.wgan_trainer][INFO] - Time elapsed: 0:03:27
[2025-11-05 09:49:43,852][trainers.wgan_trainer][INFO] - Saved images at iteration 4400
[2025-11-05 09:49:50,026][trainers.wgan_trainer][INFO] - Calculating Inception Score over 8k generated images
[2025-11-05 09:49:53,296][trainers.wgan_trainer][INFO] - Real Inception score (mean, std): (np.float64(2.4284777972984424), np.float64(0.041122364905208604))
[2025-11-05 09:49:53,296][trainers.wgan_trainer][INFO] - Generator iter: 2299
[2025-11-05 09:49:53,296][trainers.wgan_trainer][INFO] - total_iter_finished: 4600
[2025-11-05 09:49:53,296][trainers.wgan_trainer][INFO] - Time elapsed: 0:03:37
[2025-11-05 09:49:53,312][trainers.wgan_trainer][INFO] - Saved images at iteration 4600
[2025-11-05 09:49:59,477][trainers.wgan_trainer][INFO] - Calculating Inception Score over 8k generated images
[2025-11-05 09:50:02,757][trainers.wgan_trainer][INFO] - Real Inception score (mean, std): (np.float64(2.2474041917148257), np.float64(0.053144602446165284))
[2025-11-05 09:50:02,757][trainers.wgan_trainer][INFO] - Generator iter: 2399
[2025-11-05 09:50:02,757][trainers.wgan_trainer][INFO] - total_iter_finished: 4800
[2025-11-05 09:50:02,757][trainers.wgan_trainer][INFO] - Time elapsed: 0:03:46
[2025-11-05 09:50:02,773][trainers.wgan_trainer][INFO] - Saved images at iteration 4800
[2025-11-05 09:50:08,952][trainers.wgan_trainer][INFO] - Calculating Inception Score over 8k generated images
[2025-11-05 09:50:12,221][trainers.wgan_trainer][INFO] - Real Inception score (mean, std): (np.float64(2.5416045132492853), np.float64(0.041789757427066004))
[2025-11-05 09:50:12,221][trainers.wgan_trainer][INFO] - Generator iter: 2499
[2025-11-05 09:50:12,221][trainers.wgan_trainer][INFO] - total_iter_finished: 5000
[2025-11-05 09:50:12,221][trainers.wgan_trainer][INFO] - Time elapsed: 0:03:56
[2025-11-05 09:50:12,238][trainers.wgan_trainer][INFO] - Saved images at iteration 5000
[2025-11-05 09:50:18,423][trainers.wgan_trainer][INFO] - Calculating Inception Score over 8k generated images
[2025-11-05 09:50:21,711][trainers.wgan_trainer][INFO] - Real Inception score (mean, std): (np.float64(2.926413000901213), np.float64(0.0896473228580736))
[2025-11-05 09:50:21,711][trainers.wgan_trainer][INFO] - Generator iter: 2599
[2025-11-05 09:50:21,711][trainers.wgan_trainer][INFO] - total_iter_finished: 5200
[2025-11-05 09:50:21,711][trainers.wgan_trainer][INFO] - Time elapsed: 0:04:05
[2025-11-05 09:50:21,729][trainers.wgan_trainer][INFO] - Saved images at iteration 5200
[2025-11-05 09:50:27,961][trainers.wgan_trainer][INFO] - Calculating Inception Score over 8k generated images
[2025-11-05 09:50:31,260][trainers.wgan_trainer][INFO] - Real Inception score (mean, std): (np.float64(2.8241234143278917), np.float64(0.09399843555065558))
[2025-11-05 09:50:31,260][trainers.wgan_trainer][INFO] - Generator iter: 2699
[2025-11-05 09:50:31,260][trainers.wgan_trainer][INFO] - total_iter_finished: 5400
[2025-11-05 09:50:31,260][trainers.wgan_trainer][INFO] - Time elapsed: 0:04:15
[2025-11-05 09:50:31,277][trainers.wgan_trainer][INFO] - Saved images at iteration 5400
[2025-11-05 09:50:37,450][trainers.wgan_trainer][INFO] - Calculating Inception Score over 8k generated images
[2025-11-05 09:50:40,731][trainers.wgan_trainer][INFO] - Real Inception score (mean, std): (np.float64(2.749760822147873), np.float64(0.07855096217451728))
[2025-11-05 09:50:40,731][trainers.wgan_trainer][INFO] - Generator iter: 2799
[2025-11-05 09:50:40,731][trainers.wgan_trainer][INFO] - total_iter_finished: 5600
[2025-11-05 09:50:40,731][trainers.wgan_trainer][INFO] - Time elapsed: 0:04:24
[2025-11-05 09:50:40,748][trainers.wgan_trainer][INFO] - Saved images at iteration 5600
[2025-11-05 09:50:46,937][trainers.wgan_trainer][INFO] - Calculating Inception Score over 8k generated images
[2025-11-05 09:50:50,213][trainers.wgan_trainer][INFO] - Real Inception score (mean, std): (np.float64(2.778302531547149), np.float64(0.06695213211483814))
[2025-11-05 09:50:50,214][trainers.wgan_trainer][INFO] - Generator iter: 2899
[2025-11-05 09:50:50,214][trainers.wgan_trainer][INFO] - total_iter_finished: 5800
[2025-11-05 09:50:50,214][trainers.wgan_trainer][INFO] - Time elapsed: 0:04:33
[2025-11-05 09:50:50,230][trainers.wgan_trainer][INFO] - Saved images at iteration 5800
[2025-11-05 09:50:56,420][trainers.wgan_trainer][INFO] - Calculating Inception Score over 8k generated images
[2025-11-05 09:50:59,697][trainers.wgan_trainer][INFO] - Real Inception score (mean, std): (np.float64(2.9844030035287363), np.float64(0.07684824098629196))
[2025-11-05 09:50:59,697][trainers.wgan_trainer][INFO] - Generator iter: 2999
[2025-11-05 09:50:59,697][trainers.wgan_trainer][INFO] - total_iter_finished: 6000
[2025-11-05 09:50:59,697][trainers.wgan_trainer][INFO] - Time elapsed: 0:04:43
[2025-11-05 09:50:59,713][trainers.wgan_trainer][INFO] - Saved images at iteration 6000
[2025-11-05 09:51:05,941][trainers.wgan_trainer][INFO] - Calculating Inception Score over 8k generated images
[2025-11-05 09:51:09,212][trainers.wgan_trainer][INFO] - Removed old generator checkpoint: GAN/pesg/cifar10/20251105-094615/checkpoints/generator_iter_2800.pth
[2025-11-05 09:51:09,218][trainers.wgan_trainer][INFO] - Removed old discriminator checkpoint: GAN/pesg/cifar10/20251105-094615/checkpoints/discriminator_iter_2800.pth
[2025-11-05 09:51:09,279][trainers.wgan_trainer][INFO] - Saved generator checkpoint to GAN/pesg/cifar10/20251105-094615/checkpoints/generator_iter_6200.pth
[2025-11-05 09:51:09,279][trainers.wgan_trainer][INFO] - Saved discriminator checkpoint to GAN/pesg/cifar10/20251105-094615/checkpoints/discriminator_iter_6200.pth
[2025-11-05 09:51:09,279][trainers.wgan_trainer][INFO] - New best Inception Score: 3.3576. Checkpoints saved.
[2025-11-05 09:51:09,279][trainers.wgan_trainer][INFO] - Real Inception score (mean, std): (np.float64(3.3575614205873436), np.float64(0.08528739073374657))
[2025-11-05 09:51:09,279][trainers.wgan_trainer][INFO] - Generator iter: 3099
[2025-11-05 09:51:09,279][trainers.wgan_trainer][INFO] - total_iter_finished: 6200
[2025-11-05 09:51:09,279][trainers.wgan_trainer][INFO] - Time elapsed: 0:04:53
[2025-11-05 09:51:09,295][trainers.wgan_trainer][INFO] - Saved images at iteration 6200
[2025-11-05 09:51:15,483][trainers.wgan_trainer][INFO] - Calculating Inception Score over 8k generated images
[2025-11-05 09:51:18,769][trainers.wgan_trainer][INFO] - Real Inception score (mean, std): (np.float64(2.3739715617014383), np.float64(0.04210799244507801))
[2025-11-05 09:51:18,769][trainers.wgan_trainer][INFO] - Generator iter: 3199
[2025-11-05 09:51:18,769][trainers.wgan_trainer][INFO] - total_iter_finished: 6400
[2025-11-05 09:51:18,769][trainers.wgan_trainer][INFO] - Time elapsed: 0:05:02
[2025-11-05 09:51:18,786][trainers.wgan_trainer][INFO] - Saved images at iteration 6400
[2025-11-05 09:51:25,016][trainers.wgan_trainer][INFO] - Calculating Inception Score over 8k generated images
[2025-11-05 09:51:28,306][trainers.wgan_trainer][INFO] - Real Inception score (mean, std): (np.float64(2.663680034951586), np.float64(0.05560636597708846))
[2025-11-05 09:51:28,306][trainers.wgan_trainer][INFO] - Generator iter: 3299
[2025-11-05 09:51:28,306][trainers.wgan_trainer][INFO] - total_iter_finished: 6600
[2025-11-05 09:51:28,306][trainers.wgan_trainer][INFO] - Time elapsed: 0:05:12
[2025-11-05 09:51:28,324][trainers.wgan_trainer][INFO] - Saved images at iteration 6600
[2025-11-05 09:51:34,524][trainers.wgan_trainer][INFO] - Calculating Inception Score over 8k generated images
[2025-11-05 09:51:37,816][trainers.wgan_trainer][INFO] - Real Inception score (mean, std): (np.float64(3.1002132337522648), np.float64(0.07881300330053369))
[2025-11-05 09:51:37,817][trainers.wgan_trainer][INFO] - Generator iter: 3399
[2025-11-05 09:51:37,817][trainers.wgan_trainer][INFO] - total_iter_finished: 6800
[2025-11-05 09:51:37,817][trainers.wgan_trainer][INFO] - Time elapsed: 0:05:21
[2025-11-05 09:51:37,833][trainers.wgan_trainer][INFO] - Saved images at iteration 6800
[2025-11-05 09:51:44,036][trainers.wgan_trainer][INFO] - Calculating Inception Score over 8k generated images
[2025-11-05 09:51:47,330][trainers.wgan_trainer][INFO] - Real Inception score (mean, std): (np.float64(2.73527186291368), np.float64(0.0375358951429466))
[2025-11-05 09:51:47,330][trainers.wgan_trainer][INFO] - Generator iter: 3499
[2025-11-05 09:51:47,330][trainers.wgan_trainer][INFO] - total_iter_finished: 7000
[2025-11-05 09:51:47,330][trainers.wgan_trainer][INFO] - Time elapsed: 0:05:31
[2025-11-05 09:51:47,346][trainers.wgan_trainer][INFO] - Saved images at iteration 7000
[2025-11-05 09:51:53,561][trainers.wgan_trainer][INFO] - Calculating Inception Score over 8k generated images
[2025-11-05 09:51:56,841][trainers.wgan_trainer][INFO] - Real Inception score (mean, std): (np.float64(2.984875567874219), np.float64(0.08009313337771937))
[2025-11-05 09:51:56,841][trainers.wgan_trainer][INFO] - Generator iter: 3599
[2025-11-05 09:51:56,841][trainers.wgan_trainer][INFO] - total_iter_finished: 7200
[2025-11-05 09:51:56,841][trainers.wgan_trainer][INFO] - Time elapsed: 0:05:40
[2025-11-05 09:51:56,858][trainers.wgan_trainer][INFO] - Saved images at iteration 7200
[2025-11-05 09:52:03,123][trainers.wgan_trainer][INFO] - Calculating Inception Score over 8k generated images
[2025-11-05 09:52:06,411][trainers.wgan_trainer][INFO] - Real Inception score (mean, std): (np.float64(2.4368654866309645), np.float64(0.06122528708085394))
[2025-11-05 09:52:06,412][trainers.wgan_trainer][INFO] - Generator iter: 3699
[2025-11-05 09:52:06,412][trainers.wgan_trainer][INFO] - total_iter_finished: 7400
[2025-11-05 09:52:06,412][trainers.wgan_trainer][INFO] - Time elapsed: 0:05:50
[2025-11-05 09:52:06,428][trainers.wgan_trainer][INFO] - Saved images at iteration 7400
[2025-11-05 09:52:12,632][trainers.wgan_trainer][INFO] - Calculating Inception Score over 8k generated images
[2025-11-05 09:52:15,926][trainers.wgan_trainer][INFO] - Real Inception score (mean, std): (np.float64(2.934982136693552), np.float64(0.05422104292540733))
[2025-11-05 09:52:15,926][trainers.wgan_trainer][INFO] - Generator iter: 3799
[2025-11-05 09:52:15,926][trainers.wgan_trainer][INFO] - total_iter_finished: 7600
[2025-11-05 09:52:15,926][trainers.wgan_trainer][INFO] - Time elapsed: 0:05:59
[2025-11-05 09:52:15,944][trainers.wgan_trainer][INFO] - Saved images at iteration 7600
[2025-11-05 09:52:22,145][trainers.wgan_trainer][INFO] - Calculating Inception Score over 8k generated images
[2025-11-05 09:52:25,430][trainers.wgan_trainer][INFO] - Removed old generator checkpoint: GAN/pesg/cifar10/20251105-094615/checkpoints/generator_iter_6200.pth
[2025-11-05 09:52:25,435][trainers.wgan_trainer][INFO] - Removed old discriminator checkpoint: GAN/pesg/cifar10/20251105-094615/checkpoints/discriminator_iter_6200.pth
[2025-11-05 09:52:25,496][trainers.wgan_trainer][INFO] - Saved generator checkpoint to GAN/pesg/cifar10/20251105-094615/checkpoints/generator_iter_7800.pth
[2025-11-05 09:52:25,496][trainers.wgan_trainer][INFO] - Saved discriminator checkpoint to GAN/pesg/cifar10/20251105-094615/checkpoints/discriminator_iter_7800.pth
[2025-11-05 09:52:25,496][trainers.wgan_trainer][INFO] - New best Inception Score: 3.3705. Checkpoints saved.
[2025-11-05 09:52:25,496][trainers.wgan_trainer][INFO] - Real Inception score (mean, std): (np.float64(3.370514871597197), np.float64(0.08054779455336931))
[2025-11-05 09:52:25,496][trainers.wgan_trainer][INFO] - Generator iter: 3899
[2025-11-05 09:52:25,496][trainers.wgan_trainer][INFO] - total_iter_finished: 7800
[2025-11-05 09:52:25,496][trainers.wgan_trainer][INFO] - Time elapsed: 0:06:09
[2025-11-05 09:52:25,512][trainers.wgan_trainer][INFO] - Saved images at iteration 7800
[2025-11-05 09:52:31,741][trainers.wgan_trainer][INFO] - Calculating Inception Score over 8k generated images
[2025-11-05 09:52:35,026][trainers.wgan_trainer][INFO] - Real Inception score (mean, std): (np.float64(3.147161771598836), np.float64(0.07841373506459808))
[2025-11-05 09:52:35,026][trainers.wgan_trainer][INFO] - Generator iter: 3999
[2025-11-05 09:52:35,026][trainers.wgan_trainer][INFO] - total_iter_finished: 8000
[2025-11-05 09:52:35,026][trainers.wgan_trainer][INFO] - Time elapsed: 0:06:18
[2025-11-05 09:52:35,043][trainers.wgan_trainer][INFO] - Saved images at iteration 8000
[2025-11-05 09:52:41,268][trainers.wgan_trainer][INFO] - Calculating Inception Score over 8k generated images
[2025-11-05 09:52:44,542][trainers.wgan_trainer][INFO] - Real Inception score (mean, std): (np.float64(2.724062046812643), np.float64(0.05855810500287019))
[2025-11-05 09:52:44,543][trainers.wgan_trainer][INFO] - Generator iter: 4099
[2025-11-05 09:52:44,543][trainers.wgan_trainer][INFO] - total_iter_finished: 8200
[2025-11-05 09:52:44,543][trainers.wgan_trainer][INFO] - Time elapsed: 0:06:28
[2025-11-05 09:52:44,559][trainers.wgan_trainer][INFO] - Saved images at iteration 8200
[2025-11-05 09:52:50,757][trainers.wgan_trainer][INFO] - Calculating Inception Score over 8k generated images
[2025-11-05 09:52:54,035][trainers.wgan_trainer][INFO] - Real Inception score (mean, std): (np.float64(2.945027851387569), np.float64(0.07358694176835993))
[2025-11-05 09:52:54,035][trainers.wgan_trainer][INFO] - Generator iter: 4199
[2025-11-05 09:52:54,035][trainers.wgan_trainer][INFO] - total_iter_finished: 8400
[2025-11-05 09:52:54,035][trainers.wgan_trainer][INFO] - Time elapsed: 0:06:37
[2025-11-05 09:52:54,052][trainers.wgan_trainer][INFO] - Saved images at iteration 8400
[2025-11-05 09:53:00,249][trainers.wgan_trainer][INFO] - Calculating Inception Score over 8k generated images
[2025-11-05 09:53:03,536][trainers.wgan_trainer][INFO] - Real Inception score (mean, std): (np.float64(2.9924268954398454), np.float64(0.055600583566629995))
[2025-11-05 09:53:03,537][trainers.wgan_trainer][INFO] - Generator iter: 4299
[2025-11-05 09:53:03,537][trainers.wgan_trainer][INFO] - total_iter_finished: 8600
[2025-11-05 09:53:03,537][trainers.wgan_trainer][INFO] - Time elapsed: 0:06:47
[2025-11-05 09:53:03,553][trainers.wgan_trainer][INFO] - Saved images at iteration 8600
[2025-11-05 09:53:09,750][trainers.wgan_trainer][INFO] - Calculating Inception Score over 8k generated images
[2025-11-05 09:53:13,049][trainers.wgan_trainer][INFO] - Real Inception score (mean, std): (np.float64(2.7982070960908936), np.float64(0.06706770248351294))
[2025-11-05 09:53:13,049][trainers.wgan_trainer][INFO] - Generator iter: 4399
[2025-11-05 09:53:13,049][trainers.wgan_trainer][INFO] - total_iter_finished: 8800
[2025-11-05 09:53:13,049][trainers.wgan_trainer][INFO] - Time elapsed: 0:06:56
[2025-11-05 09:53:13,066][trainers.wgan_trainer][INFO] - Saved images at iteration 8800
[2025-11-05 09:53:19,290][trainers.wgan_trainer][INFO] - Calculating Inception Score over 8k generated images
[2025-11-05 09:53:22,564][trainers.wgan_trainer][INFO] - Real Inception score (mean, std): (np.float64(2.9943726236489363), np.float64(0.05741878869741969))
[2025-11-05 09:53:22,564][trainers.wgan_trainer][INFO] - Generator iter: 4499
[2025-11-05 09:53:22,564][trainers.wgan_trainer][INFO] - total_iter_finished: 9000
[2025-11-05 09:53:22,564][trainers.wgan_trainer][INFO] - Time elapsed: 0:07:06
[2025-11-05 09:53:22,581][trainers.wgan_trainer][INFO] - Saved images at iteration 9000
[2025-11-05 09:53:28,820][trainers.wgan_trainer][INFO] - Calculating Inception Score over 8k generated images
[2025-11-05 09:53:32,104][trainers.wgan_trainer][INFO] - Real Inception score (mean, std): (np.float64(2.9400473559060876), np.float64(0.040288341838418035))
[2025-11-05 09:53:32,104][trainers.wgan_trainer][INFO] - Generator iter: 4599
[2025-11-05 09:53:32,104][trainers.wgan_trainer][INFO] - total_iter_finished: 9200
[2025-11-05 09:53:32,104][trainers.wgan_trainer][INFO] - Time elapsed: 0:07:15
[2025-11-05 09:53:32,120][trainers.wgan_trainer][INFO] - Saved images at iteration 9200
[2025-11-05 09:53:38,302][trainers.wgan_trainer][INFO] - Calculating Inception Score over 8k generated images
[2025-11-05 09:53:41,595][trainers.wgan_trainer][INFO] - Real Inception score (mean, std): (np.float64(3.0498258877487423), np.float64(0.08109219677381822))
[2025-11-05 09:53:41,595][trainers.wgan_trainer][INFO] - Generator iter: 4699
[2025-11-05 09:53:41,595][trainers.wgan_trainer][INFO] - total_iter_finished: 9400
[2025-11-05 09:53:41,595][trainers.wgan_trainer][INFO] - Time elapsed: 0:07:25
[2025-11-05 09:53:41,613][trainers.wgan_trainer][INFO] - Saved images at iteration 9400
[2025-11-05 09:53:47,858][trainers.wgan_trainer][INFO] - Calculating Inception Score over 8k generated images
[2025-11-05 09:53:51,143][trainers.wgan_trainer][INFO] - Real Inception score (mean, std): (np.float64(2.956139977813979), np.float64(0.05428391309392501))
[2025-11-05 09:53:51,143][trainers.wgan_trainer][INFO] - Generator iter: 4799
[2025-11-05 09:53:51,143][trainers.wgan_trainer][INFO] - total_iter_finished: 9600
[2025-11-05 09:53:51,143][trainers.wgan_trainer][INFO] - Time elapsed: 0:07:34
[2025-11-05 09:53:51,159][trainers.wgan_trainer][INFO] - Saved images at iteration 9600
[2025-11-05 09:53:57,357][trainers.wgan_trainer][INFO] - Calculating Inception Score over 8k generated images
[2025-11-05 09:54:00,640][trainers.wgan_trainer][INFO] - Real Inception score (mean, std): (np.float64(2.6020928497553517), np.float64(0.03853476911663861))
[2025-11-05 09:54:00,640][trainers.wgan_trainer][INFO] - Generator iter: 4899
[2025-11-05 09:54:00,640][trainers.wgan_trainer][INFO] - total_iter_finished: 9800
[2025-11-05 09:54:00,640][trainers.wgan_trainer][INFO] - Time elapsed: 0:07:44
[2025-11-05 09:54:00,657][trainers.wgan_trainer][INFO] - Saved images at iteration 9800
[2025-11-05 09:54:06,852][trainers.wgan_trainer][INFO] - Calculating Inception Score over 8k generated images
[2025-11-05 09:54:10,134][trainers.wgan_trainer][INFO] - Real Inception score (mean, std): (np.float64(2.842713876258765), np.float64(0.0547575000280694))
[2025-11-05 09:54:10,134][trainers.wgan_trainer][INFO] - Generator iter: 4999
[2025-11-05 09:54:10,134][trainers.wgan_trainer][INFO] - total_iter_finished: 10000
[2025-11-05 09:54:10,134][trainers.wgan_trainer][INFO] - Time elapsed: 0:07:53
[2025-11-05 09:54:10,151][trainers.wgan_trainer][INFO] - Saved images at iteration 10000
[2025-11-05 09:54:16,333][trainers.wgan_trainer][INFO] - Calculating Inception Score over 8k generated images
[2025-11-05 09:54:19,615][trainers.wgan_trainer][INFO] - Real Inception score (mean, std): (np.float64(2.991217975456549), np.float64(0.03236355886403288))
[2025-11-05 09:54:19,615][trainers.wgan_trainer][INFO] - Generator iter: 5099
[2025-11-05 09:54:19,615][trainers.wgan_trainer][INFO] - total_iter_finished: 10200
[2025-11-05 09:54:19,615][trainers.wgan_trainer][INFO] - Time elapsed: 0:08:03
[2025-11-05 09:54:19,632][trainers.wgan_trainer][INFO] - Saved images at iteration 10200
[2025-11-05 09:54:25,830][trainers.wgan_trainer][INFO] - Calculating Inception Score over 8k generated images
[2025-11-05 09:54:29,105][trainers.wgan_trainer][INFO] - Real Inception score (mean, std): (np.float64(3.17639841729432), np.float64(0.06901137961454995))
[2025-11-05 09:54:29,105][trainers.wgan_trainer][INFO] - Generator iter: 5199
[2025-11-05 09:54:29,105][trainers.wgan_trainer][INFO] - total_iter_finished: 10400
[2025-11-05 09:54:29,105][trainers.wgan_trainer][INFO] - Time elapsed: 0:08:12
[2025-11-05 09:54:29,123][trainers.wgan_trainer][INFO] - Saved images at iteration 10400
[2025-11-05 09:54:35,318][trainers.wgan_trainer][INFO] - Calculating Inception Score over 8k generated images
[2025-11-05 09:54:38,585][trainers.wgan_trainer][INFO] - Real Inception score (mean, std): (np.float64(2.5431859172839033), np.float64(0.07104276267769495))
[2025-11-05 09:54:38,585][trainers.wgan_trainer][INFO] - Generator iter: 5299
[2025-11-05 09:54:38,585][trainers.wgan_trainer][INFO] - total_iter_finished: 10600
[2025-11-05 09:54:38,585][trainers.wgan_trainer][INFO] - Time elapsed: 0:08:22
[2025-11-05 09:54:38,601][trainers.wgan_trainer][INFO] - Saved images at iteration 10600
[2025-11-05 09:54:44,841][trainers.wgan_trainer][INFO] - Calculating Inception Score over 8k generated images
[2025-11-05 09:54:48,131][trainers.wgan_trainer][INFO] - Real Inception score (mean, std): (np.float64(2.8635514222838023), np.float64(0.08425505255081601))
[2025-11-05 09:54:48,131][trainers.wgan_trainer][INFO] - Generator iter: 5399
[2025-11-05 09:54:48,131][trainers.wgan_trainer][INFO] - total_iter_finished: 10800
[2025-11-05 09:54:48,131][trainers.wgan_trainer][INFO] - Time elapsed: 0:08:31
[2025-11-05 09:54:48,147][trainers.wgan_trainer][INFO] - Saved images at iteration 10800
[2025-11-05 09:54:54,357][trainers.wgan_trainer][INFO] - Calculating Inception Score over 8k generated images
[2025-11-05 09:54:57,633][trainers.wgan_trainer][INFO] - Real Inception score (mean, std): (np.float64(2.786783402473712), np.float64(0.07020799628818648))
[2025-11-05 09:54:57,633][trainers.wgan_trainer][INFO] - Generator iter: 5499
[2025-11-05 09:54:57,633][trainers.wgan_trainer][INFO] - total_iter_finished: 11000
[2025-11-05 09:54:57,633][trainers.wgan_trainer][INFO] - Time elapsed: 0:08:41
[2025-11-05 09:54:57,649][trainers.wgan_trainer][INFO] - Saved images at iteration 11000
[2025-11-05 09:55:03,860][trainers.wgan_trainer][INFO] - Calculating Inception Score over 8k generated images
[2025-11-05 09:55:07,139][trainers.wgan_trainer][INFO] - Real Inception score (mean, std): (np.float64(3.16233868611681), np.float64(0.059756539573734245))
[2025-11-05 09:55:07,139][trainers.wgan_trainer][INFO] - Generator iter: 5599
[2025-11-05 09:55:07,139][trainers.wgan_trainer][INFO] - total_iter_finished: 11200
[2025-11-05 09:55:07,139][trainers.wgan_trainer][INFO] - Time elapsed: 0:08:50
[2025-11-05 09:55:07,155][trainers.wgan_trainer][INFO] - Saved images at iteration 11200
[2025-11-05 09:55:13,353][trainers.wgan_trainer][INFO] - Calculating Inception Score over 8k generated images
[2025-11-05 09:55:16,634][trainers.wgan_trainer][INFO] - Real Inception score (mean, std): (np.float64(2.899022202740641), np.float64(0.05627805958882943))
[2025-11-05 09:55:16,634][trainers.wgan_trainer][INFO] - Generator iter: 5699
[2025-11-05 09:55:16,634][trainers.wgan_trainer][INFO] - total_iter_finished: 11400
[2025-11-05 09:55:16,634][trainers.wgan_trainer][INFO] - Time elapsed: 0:09:00
[2025-11-05 09:55:16,650][trainers.wgan_trainer][INFO] - Saved images at iteration 11400
[2025-11-05 09:55:22,887][trainers.wgan_trainer][INFO] - Calculating Inception Score over 8k generated images
[2025-11-05 09:55:26,175][trainers.wgan_trainer][INFO] - Real Inception score (mean, std): (np.float64(2.8622564525522263), np.float64(0.06415989284393916))
[2025-11-05 09:55:26,175][trainers.wgan_trainer][INFO] - Generator iter: 5799
[2025-11-05 09:55:26,175][trainers.wgan_trainer][INFO] - total_iter_finished: 11600
[2025-11-05 09:55:26,175][trainers.wgan_trainer][INFO] - Time elapsed: 0:09:09
[2025-11-05 09:55:26,192][trainers.wgan_trainer][INFO] - Saved images at iteration 11600
[2025-11-05 09:55:32,394][trainers.wgan_trainer][INFO] - Calculating Inception Score over 8k generated images
[2025-11-05 09:55:35,679][trainers.wgan_trainer][INFO] - Real Inception score (mean, std): (np.float64(2.9340106762656326), np.float64(0.06132681582881699))
[2025-11-05 09:55:35,679][trainers.wgan_trainer][INFO] - Generator iter: 5899
[2025-11-05 09:55:35,679][trainers.wgan_trainer][INFO] - total_iter_finished: 11800
[2025-11-05 09:55:35,679][trainers.wgan_trainer][INFO] - Time elapsed: 0:09:19
[2025-11-05 09:55:35,695][trainers.wgan_trainer][INFO] - Saved images at iteration 11800
[2025-11-05 09:55:41,911][trainers.wgan_trainer][INFO] - Calculating Inception Score over 8k generated images
[2025-11-05 09:55:45,193][trainers.wgan_trainer][INFO] - Real Inception score (mean, std): (np.float64(3.2386383819552633), np.float64(0.07441865851992772))
[2025-11-05 09:55:45,193][trainers.wgan_trainer][INFO] - Generator iter: 5999
[2025-11-05 09:55:45,193][trainers.wgan_trainer][INFO] - total_iter_finished: 12000
[2025-11-05 09:55:45,193][trainers.wgan_trainer][INFO] - Time elapsed: 0:09:28
[2025-11-05 09:55:45,209][trainers.wgan_trainer][INFO] - Saved images at iteration 12000
[2025-11-05 09:55:51,445][trainers.wgan_trainer][INFO] - Calculating Inception Score over 8k generated images
[2025-11-05 09:55:54,732][trainers.wgan_trainer][INFO] - Real Inception score (mean, std): (np.float64(2.695405551139708), np.float64(0.06885540548338881))
[2025-11-05 09:55:54,732][trainers.wgan_trainer][INFO] - Generator iter: 6099
[2025-11-05 09:55:54,732][trainers.wgan_trainer][INFO] - total_iter_finished: 12200
[2025-11-05 09:55:54,732][trainers.wgan_trainer][INFO] - Time elapsed: 0:09:38
[2025-11-05 09:55:54,748][trainers.wgan_trainer][INFO] - Saved images at iteration 12200
[2025-11-05 09:56:00,976][trainers.wgan_trainer][INFO] - Calculating Inception Score over 8k generated images
[2025-11-05 09:56:04,247][trainers.wgan_trainer][INFO] - Real Inception score (mean, std): (np.float64(2.6196782916271575), np.float64(0.08361705969354948))
[2025-11-05 09:56:04,247][trainers.wgan_trainer][INFO] - Generator iter: 6199
[2025-11-05 09:56:04,247][trainers.wgan_trainer][INFO] - total_iter_finished: 12400
[2025-11-05 09:56:04,247][trainers.wgan_trainer][INFO] - Time elapsed: 0:09:48
[2025-11-05 09:56:04,263][trainers.wgan_trainer][INFO] - Saved images at iteration 12400
[2025-11-05 09:56:10,467][trainers.wgan_trainer][INFO] - Calculating Inception Score over 8k generated images
[2025-11-05 09:56:13,736][trainers.wgan_trainer][INFO] - Real Inception score (mean, std): (np.float64(2.876187539284307), np.float64(0.03885776833686749))
[2025-11-05 09:56:13,736][trainers.wgan_trainer][INFO] - Generator iter: 6299
[2025-11-05 09:56:13,736][trainers.wgan_trainer][INFO] - total_iter_finished: 12600
[2025-11-05 09:56:13,736][trainers.wgan_trainer][INFO] - Time elapsed: 0:09:57
[2025-11-05 09:56:13,752][trainers.wgan_trainer][INFO] - Saved images at iteration 12600
[2025-11-05 09:56:20,026][trainers.wgan_trainer][INFO] - Calculating Inception Score over 8k generated images
[2025-11-05 09:56:23,329][trainers.wgan_trainer][INFO] - Real Inception score (mean, std): (np.float64(3.01329004209284), np.float64(0.07243758990140702))
[2025-11-05 09:56:23,329][trainers.wgan_trainer][INFO] - Generator iter: 6399
[2025-11-05 09:56:23,329][trainers.wgan_trainer][INFO] - total_iter_finished: 12800
[2025-11-05 09:56:23,329][trainers.wgan_trainer][INFO] - Time elapsed: 0:10:07
[2025-11-05 09:56:23,346][trainers.wgan_trainer][INFO] - Saved images at iteration 12800
[2025-11-05 09:56:29,651][trainers.wgan_trainer][INFO] - Calculating Inception Score over 8k generated images
[2025-11-05 09:56:32,946][trainers.wgan_trainer][INFO] - Real Inception score (mean, std): (np.float64(3.114558067102388), np.float64(0.05031617376904535))
[2025-11-05 09:56:32,946][trainers.wgan_trainer][INFO] - Generator iter: 6499
[2025-11-05 09:56:32,946][trainers.wgan_trainer][INFO] - total_iter_finished: 13000
[2025-11-05 09:56:32,946][trainers.wgan_trainer][INFO] - Time elapsed: 0:10:16
[2025-11-05 09:56:32,962][trainers.wgan_trainer][INFO] - Saved images at iteration 13000
[2025-11-05 09:56:39,173][trainers.wgan_trainer][INFO] - Calculating Inception Score over 8k generated images
[2025-11-05 09:56:42,449][trainers.wgan_trainer][INFO] - Real Inception score (mean, std): (np.float64(2.9429420222697593), np.float64(0.05726706306553919))
[2025-11-05 09:56:42,449][trainers.wgan_trainer][INFO] - Generator iter: 6599
[2025-11-05 09:56:42,449][trainers.wgan_trainer][INFO] - total_iter_finished: 13200
[2025-11-05 09:56:42,449][trainers.wgan_trainer][INFO] - Time elapsed: 0:10:26
[2025-11-05 09:56:42,467][trainers.wgan_trainer][INFO] - Saved images at iteration 13200
[2025-11-05 09:56:48,722][trainers.wgan_trainer][INFO] - Calculating Inception Score over 8k generated images
[2025-11-05 09:56:52,012][trainers.wgan_trainer][INFO] - Real Inception score (mean, std): (np.float64(2.856291144286703), np.float64(0.0673385738631441))
[2025-11-05 09:56:52,012][trainers.wgan_trainer][INFO] - Generator iter: 6699
[2025-11-05 09:56:52,012][trainers.wgan_trainer][INFO] - total_iter_finished: 13400
[2025-11-05 09:56:52,012][trainers.wgan_trainer][INFO] - Time elapsed: 0:10:35
[2025-11-05 09:56:52,029][trainers.wgan_trainer][INFO] - Saved images at iteration 13400
[2025-11-05 09:56:58,226][trainers.wgan_trainer][INFO] - Calculating Inception Score over 8k generated images
[2025-11-05 09:57:01,553][trainers.wgan_trainer][INFO] - Real Inception score (mean, std): (np.float64(2.9583107005661096), np.float64(0.09602818392633344))
[2025-11-05 09:57:01,554][trainers.wgan_trainer][INFO] - Generator iter: 6799
[2025-11-05 09:57:01,554][trainers.wgan_trainer][INFO] - total_iter_finished: 13600
[2025-11-05 09:57:01,554][trainers.wgan_trainer][INFO] - Time elapsed: 0:10:45
[2025-11-05 09:57:01,571][trainers.wgan_trainer][INFO] - Saved images at iteration 13600
[2025-11-05 09:57:07,783][trainers.wgan_trainer][INFO] - Calculating Inception Score over 8k generated images
[2025-11-05 09:57:11,068][trainers.wgan_trainer][INFO] - Real Inception score (mean, std): (np.float64(2.930675407300478), np.float64(0.046144496250421434))
[2025-11-05 09:57:11,068][trainers.wgan_trainer][INFO] - Generator iter: 6899
[2025-11-05 09:57:11,068][trainers.wgan_trainer][INFO] - total_iter_finished: 13800
[2025-11-05 09:57:11,068][trainers.wgan_trainer][INFO] - Time elapsed: 0:10:54
[2025-11-05 09:57:11,084][trainers.wgan_trainer][INFO] - Saved images at iteration 13800
[2025-11-05 09:57:17,288][trainers.wgan_trainer][INFO] - Calculating Inception Score over 8k generated images
[2025-11-05 09:57:20,593][trainers.wgan_trainer][INFO] - Real Inception score (mean, std): (np.float64(2.8644803449631566), np.float64(0.0971348006193785))
[2025-11-05 09:57:20,593][trainers.wgan_trainer][INFO] - Generator iter: 6999
[2025-11-05 09:57:20,593][trainers.wgan_trainer][INFO] - total_iter_finished: 14000
[2025-11-05 09:57:20,593][trainers.wgan_trainer][INFO] - Time elapsed: 0:11:04
[2025-11-05 09:57:20,610][trainers.wgan_trainer][INFO] - Saved images at iteration 14000
[2025-11-05 09:57:26,879][trainers.wgan_trainer][INFO] - Calculating Inception Score over 8k generated images
[2025-11-05 09:57:30,171][trainers.wgan_trainer][INFO] - Real Inception score (mean, std): (np.float64(2.7289509475389417), np.float64(0.05380485411541031))
[2025-11-05 09:57:30,172][trainers.wgan_trainer][INFO] - Generator iter: 7099
[2025-11-05 09:57:30,172][trainers.wgan_trainer][INFO] - total_iter_finished: 14200
[2025-11-05 09:57:30,172][trainers.wgan_trainer][INFO] - Time elapsed: 0:11:13
[2025-11-05 09:57:30,189][trainers.wgan_trainer][INFO] - Saved images at iteration 14200
[2025-11-05 09:57:36,412][trainers.wgan_trainer][INFO] - Calculating Inception Score over 8k generated images
[2025-11-05 09:57:39,705][trainers.wgan_trainer][INFO] - Real Inception score (mean, std): (np.float64(2.977556622769076), np.float64(0.08188997496775348))
[2025-11-05 09:57:39,705][trainers.wgan_trainer][INFO] - Generator iter: 7199
[2025-11-05 09:57:39,705][trainers.wgan_trainer][INFO] - total_iter_finished: 14400
[2025-11-05 09:57:39,705][trainers.wgan_trainer][INFO] - Time elapsed: 0:11:23
[2025-11-05 09:57:39,722][trainers.wgan_trainer][INFO] - Saved images at iteration 14400
[2025-11-05 09:57:45,937][trainers.wgan_trainer][INFO] - Calculating Inception Score over 8k generated images
[2025-11-05 09:57:49,223][trainers.wgan_trainer][INFO] - Real Inception score (mean, std): (np.float64(3.0561712183782133), np.float64(0.08379496844428085))
[2025-11-05 09:57:49,223][trainers.wgan_trainer][INFO] - Generator iter: 7299
[2025-11-05 09:57:49,223][trainers.wgan_trainer][INFO] - total_iter_finished: 14600
[2025-11-05 09:57:49,223][trainers.wgan_trainer][INFO] - Time elapsed: 0:11:33
[2025-11-05 09:57:49,240][trainers.wgan_trainer][INFO] - Saved images at iteration 14600
[2025-11-05 09:57:55,440][trainers.wgan_trainer][INFO] - Calculating Inception Score over 8k generated images
[2025-11-05 09:57:58,720][trainers.wgan_trainer][INFO] - Real Inception score (mean, std): (np.float64(3.226534240087294), np.float64(0.07823763513984322))
[2025-11-05 09:57:58,720][trainers.wgan_trainer][INFO] - Generator iter: 7399
[2025-11-05 09:57:58,720][trainers.wgan_trainer][INFO] - total_iter_finished: 14800
[2025-11-05 09:57:58,720][trainers.wgan_trainer][INFO] - Time elapsed: 0:11:42
[2025-11-05 09:57:58,737][trainers.wgan_trainer][INFO] - Saved images at iteration 14800
[2025-11-05 09:58:04,928][trainers.wgan_trainer][INFO] - Calculating Inception Score over 8k generated images
[2025-11-05 09:58:08,217][trainers.wgan_trainer][INFO] - Real Inception score (mean, std): (np.float64(2.915788258015711), np.float64(0.052293602675667385))
[2025-11-05 09:58:08,217][trainers.wgan_trainer][INFO] - Generator iter: 7499
[2025-11-05 09:58:08,217][trainers.wgan_trainer][INFO] - total_iter_finished: 15000
[2025-11-05 09:58:08,217][trainers.wgan_trainer][INFO] - Time elapsed: 0:11:52
[2025-11-05 09:58:08,234][trainers.wgan_trainer][INFO] - Saved images at iteration 15000
[2025-11-05 09:58:14,429][trainers.wgan_trainer][INFO] - Calculating Inception Score over 8k generated images
[2025-11-05 09:58:17,715][trainers.wgan_trainer][INFO] - Real Inception score (mean, std): (np.float64(3.3094281939288797), np.float64(0.05381025065858611))
[2025-11-05 09:58:17,715][trainers.wgan_trainer][INFO] - Generator iter: 7599
[2025-11-05 09:58:17,715][trainers.wgan_trainer][INFO] - total_iter_finished: 15200
[2025-11-05 09:58:17,715][trainers.wgan_trainer][INFO] - Time elapsed: 0:12:01
[2025-11-05 09:58:17,731][trainers.wgan_trainer][INFO] - Saved images at iteration 15200
[2025-11-05 09:58:23,944][trainers.wgan_trainer][INFO] - Calculating Inception Score over 8k generated images
[2025-11-05 09:58:27,243][trainers.wgan_trainer][INFO] - Real Inception score (mean, std): (np.float64(2.7829219171847237), np.float64(0.04120761914252141))
[2025-11-05 09:58:27,243][trainers.wgan_trainer][INFO] - Generator iter: 7699
[2025-11-05 09:58:27,243][trainers.wgan_trainer][INFO] - total_iter_finished: 15400
[2025-11-05 09:58:27,243][trainers.wgan_trainer][INFO] - Time elapsed: 0:12:11
[2025-11-05 09:58:27,261][trainers.wgan_trainer][INFO] - Saved images at iteration 15400
[2025-11-05 09:58:33,474][trainers.wgan_trainer][INFO] - Calculating Inception Score over 8k generated images
[2025-11-05 09:58:36,767][trainers.wgan_trainer][INFO] - Real Inception score (mean, std): (np.float64(3.1146087543796286), np.float64(0.05443954698286346))
[2025-11-05 09:58:36,768][trainers.wgan_trainer][INFO] - Generator iter: 7799
[2025-11-05 09:58:36,768][trainers.wgan_trainer][INFO] - total_iter_finished: 15600
[2025-11-05 09:58:36,768][trainers.wgan_trainer][INFO] - Time elapsed: 0:12:20
[2025-11-05 09:58:36,784][trainers.wgan_trainer][INFO] - Saved images at iteration 15600
[2025-11-05 09:58:42,974][trainers.wgan_trainer][INFO] - Calculating Inception Score over 8k generated images
[2025-11-05 09:58:46,279][trainers.wgan_trainer][INFO] - Real Inception score (mean, std): (np.float64(2.989962453823355), np.float64(0.04936786649549495))
[2025-11-05 09:58:46,279][trainers.wgan_trainer][INFO] - Generator iter: 7899
[2025-11-05 09:58:46,279][trainers.wgan_trainer][INFO] - total_iter_finished: 15800
[2025-11-05 09:58:46,279][trainers.wgan_trainer][INFO] - Time elapsed: 0:12:30
[2025-11-05 09:58:46,296][trainers.wgan_trainer][INFO] - Saved images at iteration 15800
[2025-11-05 09:58:52,502][trainers.wgan_trainer][INFO] - Calculating Inception Score over 8k generated images
[2025-11-05 09:58:55,789][trainers.wgan_trainer][INFO] - Real Inception score (mean, std): (np.float64(2.9541073278049916), np.float64(0.06517621269954792))
[2025-11-05 09:58:55,789][trainers.wgan_trainer][INFO] - Generator iter: 7999
[2025-11-05 09:58:55,789][trainers.wgan_trainer][INFO] - total_iter_finished: 16000
[2025-11-05 09:58:55,789][trainers.wgan_trainer][INFO] - Time elapsed: 0:12:39
[2025-11-05 09:58:55,805][trainers.wgan_trainer][INFO] - Saved images at iteration 16000
[2025-11-05 09:59:02,007][trainers.wgan_trainer][INFO] - Calculating Inception Score over 8k generated images
[2025-11-05 09:59:05,297][trainers.wgan_trainer][INFO] - Real Inception score (mean, std): (np.float64(2.9167116454048525), np.float64(0.06506517138256988))
[2025-11-05 09:59:05,297][trainers.wgan_trainer][INFO] - Generator iter: 8099
[2025-11-05 09:59:05,297][trainers.wgan_trainer][INFO] - total_iter_finished: 16200
[2025-11-05 09:59:05,297][trainers.wgan_trainer][INFO] - Time elapsed: 0:12:49
[2025-11-05 09:59:05,313][trainers.wgan_trainer][INFO] - Saved images at iteration 16200
[2025-11-05 09:59:11,514][trainers.wgan_trainer][INFO] - Calculating Inception Score over 8k generated images
